// Jest Snapshot v1, https://goo.gl/fbAQLP

exports[`Home should match snapshot 1`] = `
<View
  style={
    Object {
      "alignItems": "center",
      "flex": 1,
      "justifyContent": "center",
    }
  }
>
  <View
    accessible={true}
    focusable={true}
    onClick={[Function]}
    onResponderGrant={[Function]}
    onResponderMove={[Function]}
    onResponderRelease={[Function]}
    onResponderTerminate={[Function]}
    onResponderTerminationRequest={[Function]}
    onStartShouldSetResponder={[Function]}
    style={
      Object {
        "backgroundColor": "#242038",
        "opacity": 1,
        "paddingHorizontal": 30,
        "paddingVertical": 20,
      }
    }
  >
    <Text
      style={
        Object {
          "color": "#ffffff",
        }
      }
    >
      Open contacts
    </Text>
  </View>
</View>
`;
